// Bun Snapshot v1, https://bun.sh/docs/test/snapshots

exports[`renderGridText: snapshot per biome — same seed, visibly different maps: woodland 1`] = `
"....................
....,,,.............
....,,,,............
,,....,,,...........
,,.....,,......,,,..
,.......,.....,,,,,.
........,.....,,~,,.
..............,,,,,.
...............,,,,.
...............,,...
....................
.,..................
.,,.................
.X,,...........,,,..
..,,,,,,.....,,,,,,,
..,,,,,,,,..,,,,,,,,
..,,~,,,X,.,,,,~,,,,
..,~~,,,,...,,,,,,,,
.,,X,,,......,,,,,.,
.,,,,,........,,....
.,,,,...............
.,,,,X..............
....................
...............,,...
..............,,,,..
.......,,.....,,,,,.
..............,,,,,.
..............T,,,,.
,,.....T.......,,,,,
,,,.............,,,,
,,,.....,,,,....,,,,
,,,....,,,,,,....,,,
,,,....,,,,,,.......
........,,,,........
........T,,.........
....................
....A............H..
............T...,,,.
........T^^....,,,,.
....,....^^...,,,,,.
....,,...^^...O,,,,.
....,T...^^...,,,,..
,,,......^^...,,,...
,,,.....^^^...,,,...
,,,......^....,,....
.,,,..........,,,...
.,,,..........,,,,..
A,,,,,........,,,,,.
.,,,,,,,,......,,,,,
,,,,,,,,,........,,,
,,,,,,,,,,.........,
......,,,,.H........
.......,A,..........
........,,,.........
..^^.....,,,,,,.....
..^^^....,,,,,,,....
..^^^....,,,,,H,,...
.........,,,,,,,,.T.
........,,,..,,,,...
........,,....,,...."
`;

exports[`renderGridText: snapshot per biome — same seed, visibly different maps: desert 1`] = `
"....................
...............^^...
....................
....................
....................
....................
................~...
...^^...............
...^^...............
....^^.....^........
.....^...^^^^.......
.........^^^........
..........^.........
.X..................
....................
....................
....~...X......~....
...~~...............
...X................
....................
........^^^^........
.....O..^^^^........
.........^^.........
....................
....................
....................
....................
..............A.....
.......O............
....................
....................
....................
....................
....................
........O......^^...
....................
^^..T............A..
^^......^^^^O.......
........X^^^........
........^^^^........
........^^^^..O.....
.....O..^^^^........
........^^^^.......^
.......^^^^^.......^
.......^^^^^.......^
.........^^.........
....................
A...................
....................
....................
............^.......
...........T........
........O.......^^..
..^^^...............
.^^^^...............
^^^^^^..............
^^^^^^........H.....
^^^^^.............O.
....................
...................."
`;

exports[`renderGridText: snapshot per biome — same seed, visibly different maps: tundra 1`] = `
"********************
********************
********************
********************
********************
****************..**
***************...**
***************...**
****************.***
********************
**********^^********
**********^*********
********************
*X******************
********************
****...*******.....*
***.....X****.......
***....*******...***
**.X.***************
**...***************
**..*****^^*********
*****X***^^*********
********************
********************
********************
***************...**
****************..**
**************O*..**
*******O*********.**
..******************
..******************
*********..*********
*********..*********
********************
********O***********
********************
****O************O**
*********^^*A*******
********T^^*****..**
*********^^****...**
*********^^***A*.***
*****A**^^^*********
********^^^*********
********^^^********^
********^^^*********
********************
********************
A*******************
***.****************
*****...************
******...***********
***********A********
********T***********
***^****************
**^^^***************
*^^^^********.******
^^^^^*******..H*****
***^^********...**A*
********************
********************"
`;
