// Bun Snapshot v1, https://bun.sh/docs/test/snapshots

exports[`renderGridText: snapshot per biome — same seed, visibly different maps: woodland 1`] = `
".....X....X........X
....,,,.........X...
....,,,,............
,,^^..,,,...........
^^^^^..,,......X,,X.
^^^^^^.X,.....,,,,,.
^^^^^^^.,.X...,,~,,.
^^^^^^^......X,,,,,^
^^^^^^^........,,,^^
^^^^^^^........,,.^^
^^^^^^........X..X^^
^^^^^.T...........^^
^^^................^
.X,,...........,T,.T
..,,,,,,.....,,,,,,,
..,,,,,,,,..,,,,,,,,
H.,,~,,,T,.,,,,~,,,,
..,~~,,,,...,,,,,,,,
.,,A,,,......,,,,O.,
.,,,,,........,,....
.,,,,...............
.,T,,T........A.....
.........T..........
...............,,..T
..............,H,,..
.......,,.....,,,,,.
.A............,,,,,.
.......^H.....T,,,,.
,,..^^^^^^^....,,,,,
T,,.^^^^^^^^....,,,,
,,,^^^^^^^^^.T..,,,T
,,,A^^^^^^^^^...T,,,
,,,.^^^^^^^^^.......
.....^^^^^^^^.......
A....^^^^^^^^.......
......^^^^^^^.......
....O..^^^^^.....T..
........^^^.T...,,,.
........H^^....,,,,.
..H.,....^^...,,,,,.
....,,...^^A..T,,,,.
....,H...^^...,,,,..
,,,.....O^^...,,,...
,,,.....^^^...,T,...
,A,......^.O..,,....
.,,,....T.....,,,...
.,,,.H........,,,,..
H,,,,,........,,,,,.
.,,,,,,,,......,,H,,
,,,,,,,,,........,,,
,,,H,,O,,,.........,
......,,,^^T..A.....
.......^^^^^^.......
.A....^^^^^^^^......
..^^..^^^^^^^^^A...T
..^^^.^^^^^^^^^,....
.H^^^.^^^^^^^^^,,...
.......^^^^^^^^,,.T.
.......^^^^^^^^,,...
....A...^^^^^^^,...."
`;

exports[`renderGridText: snapshot per biome — same seed, visibly different maps: desert 1`] = `
".....X....X....X...X
...............^^...
....................
..^^................
^^^^^..........X..X.
^^^^^^.X............
^^^^^^^...X.....~...
^^^^^^^......X.....^
^^^^^^^...........^^
^^^^^^^....^......^^
^^^^^^...^^^^.X..X^^
^^^^^.X..^^^......^^
^^^.......^X.......^
.X..............O..O
.....X..............
....................
X...~...O......~....
...~~...............
...X.............O..
....................
........^^^^........
..O..O..^^^^..A.....
.........^^.........
...................O
...............O....
....................
.T.................A
.......^A.....H.....
....^^^^^^^.........
O...^^^^^^^^........
...^^^^^^^^^.O.....O
...T^^^^^^^^^...A...
....^^^^^^^^^.......
.....^^^^^^^^.......
O....^^^^^^^^..^^...
......^^^^^^^.......
^^..O..^^^^^.....O..
^^......^^^^O.......
........^^^^........
..O.....^^^^........
........^^^^..O.....
.....H..^^^^........
........^^^^.......^
.......^^^^^O..O...^
.H.....^^^^^.......^
........O^^.........
.....H..............
H...................
.............O...H..
....................
...H..O.....^.......
.........^^O..O.....
.......^^^^^^...^^..
.A^^^.^^^^^^^^......
.^^^^.^^^^^^^^^O...T
^^^^^.^^^^^^^^^.....
^^^^^.^^^^^^^^^.....
^^^^^..^^^^^^^^...A.
.......^^^^^^^^O....
....H...^^^^^^^....."
`;

exports[`renderGridText: snapshot per biome — same seed, visibly different maps: tundra 1`] = `
"*****X****X********X
****************X***
********************
**^^****************
^^^^^**********X**X*
^^^^^^*X********..**
^^^^^^^***X****...**
^^^^^^^******X*...*^
^^^^^^^*********.*^^
^^^^^^^***********^^
^^^^^^****^^**X**X^^
^^^^^*X***^*******^^
^^^********X*******^
*X**************O**O
*****X**************
****...*******.....*
X**.....O****.......
***....*******...***
**.X.************A**
**...***************
**..*****^^*********
**O**O***^^***O*****
*********T**********
*******************O
***************O****
***************...**
*O**************..**
*******^A*****A*..**
****^^^^^^^******.**
O.**^^^^^^^^********
..*^^^^^^^^^*A*****T
***O^^^^^^^^^***A***
****^^^^^^^^^*******
*****^^^^^^^^*******
A****^^^^^^^^*******
******^^^^^^^*******
****A**^^^^^*****H**
********^^^*T*******
********O^^*****..**
**H******^^****...**
*********^^A**A*.***
*****T**^^^*********
********^^^*********
********^^^****A***^
*A******^^^T********
********T***********
*****A**************
A*******************
***.*************O**
*****...************
***O**O..***********
*********^^A**H*****
*******^^^^^^*******
*A*^**^^^^^^^^******
**^^^*^^^^^^^^^A***T
*^^^^*^^^^^^^^^*****
^^^^^*^^^^^^^^^*****
***^^**^^^^^^^^.**T*
*******^^^^^^^^*****
****A***^^^^^^^*****"
`;
