// Bun Snapshot v1, https://bun.sh/docs/test/snapshots

exports[`renderGridText: snapshot per biome — same seed, visibly different maps: woodland 1`] = `
".....A....X........A
....,,,.........X...
....,,,,............
,,^^..,,,...........
^^^^^..,,......T,,O.
^^^^^^.X,.....,,,,,.
^^^^^^^.,.A...,,~,,.
^^^^^^^......A,,,,,^
^^^^^^^........,,,^^
^^^^^^^........,,.^^
^^^^^^........T..H^^
^^^^^.H...........^^
^^^................^
.H,,...........,H,.H
..,,,,,,.....,,,,,,,
..,,,,,,,,..,,,,,,,,
X.,,~,,,T,.,,,,~,,,,
..,~~,,,,...,,,,,,,,
.,,T,,,......,,,,T.,
.,,,,,........,,....
.,,,,...............
.,H,,T........X.....
.........T..........
...............,,..T
..............,A,,..
.......,,.....,,,,,.
.H............,,,,,.
.......^T.....X,,,,.
,,..^^^^^^^....,,,,,
H,,.^^^^^^^^....,,,,
,,,^^^^^^^^^.T..,,,T
,,,H^^^^^^^^^...O,,,
,,,.^^^^^^^^^.......
.....^^^^^^^^.......
X....^^^^^^^^.......
......^^^^^^^.......
....T..^^^^^.....X..
........^^^.X...,,,.
........O^^....,,,,.
..A.,....^^...,,,,,.
....,,...^^X..T,,,,.
....,A...^^...,,,,..
,,,.....O^^...,,,...
,,,.....^^^...,T,...
,T,......^.H..,,....
.,,,....X.....,,,...
.,,,.T........,,,,..
T,,,,,........,,,,,.
.,,,,,,,,......,,T,,
,,,,,,,,,........,,,
,,,H,,X,,,.........,
......,,,^^A..T.....
.......^^^^^^.......
.O....^^^^^^^^......
..^^..^^^^^^^^^T...A
..^^^.^^^^^^^^^,....
.A^^^.^^^^^^^^^,,...
.......^^^^^^^^,,.A.
.......^^^^^^^^,,...
....T...^^^^^^^,...."
`;

exports[`renderGridText: snapshot per biome — same seed, visibly different maps: desert 1`] = `
".....O....O....O...A
...............^^...
....................
..^^................
^^^^^..........X..X.
^^^^^^.O............
^^^^^^^...X.....~...
^^^^^^^......H.....^
^^^^^^^...........^^
^^^^^^^....^......^^
^^^^^^...^^^^.O..X^^
^^^^^.T..^^^......^^
^^^.......^O.......^
.T..............H..O
.....X..............
....................
O...~...O......~....
...~~...............
...X.............X..
....................
........^^^^........
..X..X..^^^^..H.....
.........^^.........
...................X
...............O....
....................
.X.................O
.......^O.....O.....
....^^^^^^^.........
H...^^^^^^^^........
...^^^^^^^^^.X.....X
...O^^^^^^^^^...X...
....^^^^^^^^^.......
.....^^^^^^^^.......
O....^^^^^^^^..^^...
......^^^^^^^.......
^^..O..^^^^^.....O..
^^......^^^^A.......
........^^^^........
..X.....^^^^........
........^^^^..O.....
.....O..^^^^........
........^^^^.......^
.......^^^^^T..H...^
.O.....^^^^^.......^
........H^^.........
.....O..............
A...................
.............A...A..
....................
...O..O.....^.......
.........^^X..X.....
.......^^^^^^...^^..
.O^^^.^^^^^^^^......
.^^^^.^^^^^^^^^H...O
^^^^^.^^^^^^^^^.....
^^^^^.^^^^^^^^^.....
^^^^^..^^^^^^^^...A.
.......^^^^^^^^O....
....H...^^^^^^^....."
`;

exports[`renderGridText: snapshot per biome — same seed, visibly different maps: tundra 1`] = `
"*****A****X********X
****************X***
********************
**^^****************
^^^^^**********H**A*
^^^^^^*X********..**
^^^^^^^***X****...**
^^^^^^^******X*...*^
^^^^^^^*********.*^^
^^^^^^^***********^^
^^^^^^****^^**X**T^^
^^^^^*A***^*******^^
^^^********A*******^
*A**************A**X
*****T**************
****...*******.....*
X**.....O****.......
***....*******...***
**.T.************T**
**...***************
**..*****^^*********
**A**O***^^***X*****
*********O**********
*******************O
***************H****
***************...**
*A**************..**
*******^O*****X*..**
****^^^^^^^******.**
A.**^^^^^^^^********
..*^^^^^^^^^*T*****O
***A^^^^^^^^^***O***
****^^^^^^^^^*******
*****^^^^^^^^*******
O****^^^^^^^^*******
******^^^^^^^*******
****O**^^^^^*****X**
********^^^*X*******
********O^^*****..**
**A******^^****...**
*********^^X**O*.***
*****A**^^^*********
********^^^*********
********^^^****H***^
*O******^^^A********
********X***********
*****T**************
T*******************
***.*************T**
*****...************
***A**X..***********
*********^^A**O*****
*******^^^^^^*******
*O*^**^^^^^^^^******
**^^^*^^^^^^^^^A***X
*^^^^*^^^^^^^^^*****
^^^^^*^^^^^^^^^*****
***^^**^^^^^^^^.**A*
*******^^^^^^^^*****
****O***^^^^^^^*****"
`;
